Statement for BigCo
  DevConference: $420.00 (5 seats)
  WebWorkshop: $414.00 (3 seats)
  DevOps: $410.00 (4 seats)
Amount owed is $1,244.00
You earned 9 credits